Archive member included to satisfy reference by file (symbol)

d:/programs/atollic_studio/truestudio for stm32 9.3.0/armtools/bin/../lib/gcc/arm-atollic-eabi/6.3.1/../../../../arm-atollic-eabi/lib/armv7-m\libc_nano.a(lib_a-init.o)
                              src\startup_stm32l152xc.o (__libc_init_array)

Discarded input sections

 .text          0x00000000        0x0 d:/programs/atollic_studio/truestudio for stm32 9.3.0/armtools/bin/../lib/gcc/arm-atollic-eabi/6.3.1/armv7-m/crti.o
 .data          0x00000000        0x0 d:/programs/atollic_studio/truestudio for stm32 9.3.0/armtools/bin/../lib/gcc/arm-atollic-eabi/6.3.1/armv7-m/crti.o
 .bss           0x00000000        0x0 d:/programs/atollic_studio/truestudio for stm32 9.3.0/armtools/bin/../lib/gcc/arm-atollic-eabi/6.3.1/armv7-m/crti.o
 .data          0x00000000        0x4 d:/programs/atollic_studio/truestudio for stm32 9.3.0/armtools/bin/../lib/gcc/arm-atollic-eabi/6.3.1/armv7-m/crtbegin.o
 .text          0x00000000        0x0 src\main.o
 .data          0x00000000        0x0 src\main.o
 .bss           0x00000000        0x0 src\main.o
 .text          0x00000000       0x14 src\startup_stm32l152xc.o
 .data          0x00000000        0x0 src\startup_stm32l152xc.o
 .bss           0x00000000        0x0 src\startup_stm32l152xc.o
 .text          0x00000000        0x0 src\system_stm32l1xx.o
 .data          0x00000000        0x0 src\system_stm32l1xx.o
 .bss           0x00000000        0x0 src\system_stm32l1xx.o
 .data.SystemCoreClock
                0x00000000        0x4 src\system_stm32l1xx.o
 .rodata.PLLMulTable
                0x00000000        0x9 src\system_stm32l1xx.o
 .rodata.AHBPrescTable
                0x00000000       0x10 src\system_stm32l1xx.o
 .rodata.APBPrescTable
                0x00000000        0x8 src\system_stm32l1xx.o
 .text.SystemCoreClockUpdate
                0x00000000      0x150 src\system_stm32l1xx.o
 .text          0x00000000        0x0 d:/programs/atollic_studio/truestudio for stm32 9.3.0/armtools/bin/../lib/gcc/arm-atollic-eabi/6.3.1/../../../../arm-atollic-eabi/lib/armv7-m\libc_nano.a(lib_a-init.o)
 .data          0x00000000        0x0 d:/programs/atollic_studio/truestudio for stm32 9.3.0/armtools/bin/../lib/gcc/arm-atollic-eabi/6.3.1/../../../../arm-atollic-eabi/lib/armv7-m\libc_nano.a(lib_a-init.o)
 .bss           0x00000000        0x0 d:/programs/atollic_studio/truestudio for stm32 9.3.0/armtools/bin/../lib/gcc/arm-atollic-eabi/6.3.1/../../../../arm-atollic-eabi/lib/armv7-m\libc_nano.a(lib_a-init.o)
 .text          0x00000000        0x0 d:/programs/atollic_studio/truestudio for stm32 9.3.0/armtools/bin/../lib/gcc/arm-atollic-eabi/6.3.1/armv7-m/crtend.o
 .data          0x00000000        0x0 d:/programs/atollic_studio/truestudio for stm32 9.3.0/armtools/bin/../lib/gcc/arm-atollic-eabi/6.3.1/armv7-m/crtend.o
 .bss           0x00000000        0x0 d:/programs/atollic_studio/truestudio for stm32 9.3.0/armtools/bin/../lib/gcc/arm-atollic-eabi/6.3.1/armv7-m/crtend.o
 .eh_frame      0x00000000        0x4 d:/programs/atollic_studio/truestudio for stm32 9.3.0/armtools/bin/../lib/gcc/arm-atollic-eabi/6.3.1/armv7-m/crtend.o
 .ARM.attributes
                0x00000000       0x2d d:/programs/atollic_studio/truestudio for stm32 9.3.0/armtools/bin/../lib/gcc/arm-atollic-eabi/6.3.1/armv7-m/crtend.o
 .text          0x00000000        0x0 d:/programs/atollic_studio/truestudio for stm32 9.3.0/armtools/bin/../lib/gcc/arm-atollic-eabi/6.3.1/armv7-m/crtn.o
 .data          0x00000000        0x0 d:/programs/atollic_studio/truestudio for stm32 9.3.0/armtools/bin/../lib/gcc/arm-atollic-eabi/6.3.1/armv7-m/crtn.o
 .bss           0x00000000        0x0 d:/programs/atollic_studio/truestudio for stm32 9.3.0/armtools/bin/../lib/gcc/arm-atollic-eabi/6.3.1/armv7-m/crtn.o

Memory Configuration

Name             Origin             Length             Attributes
FLASH            0x08000000         0x00040000         xr
RAM              0x20000000         0x00008000         xrw
MEMORY_B1        0x60000000         0x00000000         xr
*default*        0x00000000         0xffffffff

Linker script and memory map

LOAD d:/programs/atollic_studio/truestudio for stm32 9.3.0/armtools/bin/../lib/gcc/arm-atollic-eabi/6.3.1/armv7-m/crti.o
LOAD d:/programs/atollic_studio/truestudio for stm32 9.3.0/armtools/bin/../lib/gcc/arm-atollic-eabi/6.3.1/armv7-m/crtbegin.o
LOAD src\main.o
LOAD src\startup_stm32l152xc.o
LOAD src\system_stm32l1xx.o
                0x00000080                malloc_getpagesize_P = 0x80
START GROUP
LOAD d:/programs/atollic_studio/truestudio for stm32 9.3.0/armtools/bin/../lib/gcc/arm-atollic-eabi/6.3.1/../../../../arm-atollic-eabi/lib/armv7-m\libc_nano.a
LOAD d:/programs/atollic_studio/truestudio for stm32 9.3.0/armtools/bin/../lib/gcc/arm-atollic-eabi/6.3.1/../../../../arm-atollic-eabi/lib/armv7-m\libm.a
END GROUP
START GROUP
LOAD d:/programs/atollic_studio/truestudio for stm32 9.3.0/armtools/bin/../lib/gcc/arm-atollic-eabi/6.3.1/armv7-m\libgcc.a
LOAD d:/programs/atollic_studio/truestudio for stm32 9.3.0/armtools/bin/../lib/gcc/arm-atollic-eabi/6.3.1/../../../../arm-atollic-eabi/lib/armv7-m\libc_nano.a
END GROUP
START GROUP
LOAD d:/programs/atollic_studio/truestudio for stm32 9.3.0/armtools/bin/../lib/gcc/arm-atollic-eabi/6.3.1/armv7-m\libgcc.a
LOAD d:/programs/atollic_studio/truestudio for stm32 9.3.0/armtools/bin/../lib/gcc/arm-atollic-eabi/6.3.1/../../../../arm-atollic-eabi/lib/armv7-m\libc_nano.a
LOAD d:/programs/atollic_studio/truestudio for stm32 9.3.0/armtools/bin/../lib/gcc/arm-atollic-eabi/6.3.1/../../../../arm-atollic-eabi/lib/armv7-m\libnosys.a
END GROUP
START GROUP
LOAD d:/programs/atollic_studio/truestudio for stm32 9.3.0/armtools/bin/../lib/gcc/arm-atollic-eabi/6.3.1/armv7-m\libgcc.a
LOAD d:/programs/atollic_studio/truestudio for stm32 9.3.0/armtools/bin/../lib/gcc/arm-atollic-eabi/6.3.1/../../../../arm-atollic-eabi/lib/armv7-m\libc_nano.a
LOAD d:/programs/atollic_studio/truestudio for stm32 9.3.0/armtools/bin/../lib/gcc/arm-atollic-eabi/6.3.1/../../../../arm-atollic-eabi/lib/armv7-m\libnosys.a
END GROUP
LOAD d:/programs/atollic_studio/truestudio for stm32 9.3.0/armtools/bin/../lib/gcc/arm-atollic-eabi/6.3.1/armv7-m/crtend.o
LOAD d:/programs/atollic_studio/truestudio for stm32 9.3.0/armtools/bin/../lib/gcc/arm-atollic-eabi/6.3.1/armv7-m/crtn.o
                0x20008000                _estack = 0x20008000
                0x00000000                _Min_Heap_Size = 0x0
                0x00000100                _Min_Stack_Size = 0x100

.isr_vector     0x08000000      0x13c
                0x08000000                . = ALIGN (0x4)
 *(.isr_vector)
 .isr_vector    0x08000000      0x13c src\startup_stm32l152xc.o
                0x08000000                g_pfnVectors
                0x0800013c                . = ALIGN (0x4)

.text           0x0800013c      0x168
                0x0800013c                . = ALIGN (0x4)
 *(.text)
 .text          0x0800013c       0x40 d:/programs/atollic_studio/truestudio for stm32 9.3.0/armtools/bin/../lib/gcc/arm-atollic-eabi/6.3.1/armv7-m/crtbegin.o
 *(.text*)
 .text.main     0x0800017c       0x12 src\main.o
                0x0800017c                main
 *fill*         0x0800018e        0x2 
 .text.Reset_Handler
                0x08000190       0x48 src\startup_stm32l152xc.o
                0x08000190                Reset_Handler
 .text.Default_Handler
                0x080001d8        0x2 src\startup_stm32l152xc.o
                0x080001d8                RTC_Alarm_IRQHandler
                0x080001d8                EXTI2_IRQHandler
                0x080001d8                COMP_ACQ_IRQHandler
                0x080001d8                DebugMon_Handler
                0x080001d8                HardFault_Handler
                0x080001d8                TIM10_IRQHandler
                0x080001d8                USB_HP_IRQHandler
                0x080001d8                TIM6_IRQHandler
                0x080001d8                SysTick_Handler
                0x080001d8                PVD_IRQHandler
                0x080001d8                PendSV_Handler
                0x080001d8                NMI_Handler
                0x080001d8                EXTI3_IRQHandler
                0x080001d8                EXTI0_IRQHandler
                0x080001d8                I2C2_EV_IRQHandler
                0x080001d8                UsageFault_Handler
                0x080001d8                SPI1_IRQHandler
                0x080001d8                USB_FS_WKUP_IRQHandler
                0x080001d8                DMA2_Channel2_IRQHandler
                0x080001d8                DMA1_Channel4_IRQHandler
                0x080001d8                ADC1_IRQHandler
                0x080001d8                USART3_IRQHandler
                0x080001d8                DMA1_Channel7_IRQHandler
                0x080001d8                LCD_IRQHandler
                0x080001d8                TIM4_IRQHandler
                0x080001d8                DMA2_Channel1_IRQHandler
                0x080001d8                I2C1_EV_IRQHandler
                0x080001d8                DMA1_Channel6_IRQHandler
                0x080001d8                DMA2_Channel4_IRQHandler
                0x080001d8                TIM3_IRQHandler
                0x080001d8                RCC_IRQHandler
                0x080001d8                DMA1_Channel1_IRQHandler
                0x080001d8                Default_Handler
                0x080001d8                EXTI15_10_IRQHandler
                0x080001d8                TIM7_IRQHandler
                0x080001d8                TIM5_IRQHandler
                0x080001d8                EXTI9_5_IRQHandler
                0x080001d8                TIM9_IRQHandler
                0x080001d8                TAMPER_STAMP_IRQHandler
                0x080001d8                RTC_WKUP_IRQHandler
                0x080001d8                SPI2_IRQHandler
                0x080001d8                MemManage_Handler
                0x080001d8                SVC_Handler
                0x080001d8                DMA2_Channel5_IRQHandler
                0x080001d8                DMA1_Channel5_IRQHandler
                0x080001d8                USB_LP_IRQHandler
                0x080001d8                EXTI4_IRQHandler
                0x080001d8                DMA1_Channel3_IRQHandler
                0x080001d8                COMP_IRQHandler
                0x080001d8                WWDG_IRQHandler
                0x080001d8                TIM2_IRQHandler
                0x080001d8                DAC_IRQHandler
                0x080001d8                EXTI1_IRQHandler
                0x080001d8                TIM11_IRQHandler
                0x080001d8                USART2_IRQHandler
                0x080001d8                I2C2_ER_IRQHandler
                0x080001d8                DMA1_Channel2_IRQHandler
                0x080001d8                FLASH_IRQHandler
                0x080001d8                BusFault_Handler
                0x080001d8                USART1_IRQHandler
                0x080001d8                SPI3_IRQHandler
                0x080001d8                I2C1_ER_IRQHandler
                0x080001d8                DMA2_Channel3_IRQHandler
 *fill*         0x080001da        0x2 
 .text.SystemInit
                0x080001dc       0x68 src\system_stm32l1xx.o
                0x080001dc                SystemInit
 .text.__libc_init_array
                0x08000244       0x48 d:/programs/atollic_studio/truestudio for stm32 9.3.0/armtools/bin/../lib/gcc/arm-atollic-eabi/6.3.1/../../../../arm-atollic-eabi/lib/armv7-m\libc_nano.a(lib_a-init.o)
                0x08000244                __libc_init_array
 *(.glue_7)
 .glue_7        0x0800028c        0x0 linker stubs
 *(.glue_7t)
 .glue_7t       0x0800028c        0x0 linker stubs
 *(.eh_frame)
 .eh_frame      0x0800028c        0x0 d:/programs/atollic_studio/truestudio for stm32 9.3.0/armtools/bin/../lib/gcc/arm-atollic-eabi/6.3.1/armv7-m/crtbegin.o
 *(.init)
 .init          0x0800028c        0x4 d:/programs/atollic_studio/truestudio for stm32 9.3.0/armtools/bin/../lib/gcc/arm-atollic-eabi/6.3.1/armv7-m/crti.o
                0x0800028c                _init
 .init          0x08000290        0x8 d:/programs/atollic_studio/truestudio for stm32 9.3.0/armtools/bin/../lib/gcc/arm-atollic-eabi/6.3.1/armv7-m/crtn.o
 *(.fini)
 .fini          0x08000298        0x4 d:/programs/atollic_studio/truestudio for stm32 9.3.0/armtools/bin/../lib/gcc/arm-atollic-eabi/6.3.1/armv7-m/crti.o
                0x08000298                _fini
 .fini          0x0800029c        0x8 d:/programs/atollic_studio/truestudio for stm32 9.3.0/armtools/bin/../lib/gcc/arm-atollic-eabi/6.3.1/armv7-m/crtn.o
                0x080002a4                . = ALIGN (0x4)
                0x080002a4                _etext = .

.vfp11_veneer   0x080002a4        0x0
 .vfp11_veneer  0x080002a4        0x0 linker stubs

.v4_bx          0x080002a4        0x0
 .v4_bx         0x080002a4        0x0 linker stubs

.iplt           0x080002a4        0x0
 .iplt          0x080002a4        0x0 d:/programs/atollic_studio/truestudio for stm32 9.3.0/armtools/bin/../lib/gcc/arm-atollic-eabi/6.3.1/armv7-m/crtbegin.o

.rel.dyn        0x080002a4        0x0
 .rel.iplt      0x080002a4        0x0 d:/programs/atollic_studio/truestudio for stm32 9.3.0/armtools/bin/../lib/gcc/arm-atollic-eabi/6.3.1/armv7-m/crtbegin.o

.rodata         0x080002a4        0x0
                0x080002a4                . = ALIGN (0x4)
 *(.rodata)
 *(.rodata*)
                0x080002a4                . = ALIGN (0x4)

.ARM.extab
 *(.ARM.extab* .gnu.linkonce.armextab.*)

.ARM            0x080002a4        0x0
                0x080002a4                __exidx_start = .
 *(.ARM.exidx*)
                0x080002a4                __exidx_end = .

.preinit_array  0x080002a4        0x0
                0x080002a4                PROVIDE (__preinit_array_start, .)
 *(.preinit_array*)
                0x080002a4                PROVIDE (__preinit_array_end, .)

.init_array     0x080002a4        0x4
                0x080002a4                PROVIDE (__init_array_start, .)
 *(SORT(.init_array.*))
 *(.init_array*)
 .init_array    0x080002a4        0x4 d:/programs/atollic_studio/truestudio for stm32 9.3.0/armtools/bin/../lib/gcc/arm-atollic-eabi/6.3.1/armv7-m/crtbegin.o
                0x080002a8                PROVIDE (__init_array_end, .)

.fini_array     0x080002a8        0x4
                [!provide]                PROVIDE (__fini_array_start, .)
 *(SORT(.fini_array.*))
 *(.fini_array*)
 .fini_array    0x080002a8        0x4 d:/programs/atollic_studio/truestudio for stm32 9.3.0/armtools/bin/../lib/gcc/arm-atollic-eabi/6.3.1/armv7-m/crtbegin.o
                [!provide]                PROVIDE (__fini_array_end, .)
                0x080002ac                _sidata = LOADADDR (.data)

.data           0x20000000        0x0 load address 0x080002ac
                0x20000000                . = ALIGN (0x4)
                0x20000000                _sdata = .
 *(.data)
 *(.data*)
                0x20000000                . = ALIGN (0x4)
                0x20000000                _edata = .

.igot.plt       0x20000000        0x0 load address 0x080002ac
 .igot.plt      0x20000000        0x0 d:/programs/atollic_studio/truestudio for stm32 9.3.0/armtools/bin/../lib/gcc/arm-atollic-eabi/6.3.1/armv7-m/crtbegin.o
                0x20000000                . = ALIGN (0x4)

.bss            0x20000000       0x1c load address 0x080002ac
                0x20000000                _sbss = .
                0x20000000                __bss_start__ = _sbss
 *(.bss)
 .bss           0x20000000       0x1c d:/programs/atollic_studio/truestudio for stm32 9.3.0/armtools/bin/../lib/gcc/arm-atollic-eabi/6.3.1/armv7-m/crtbegin.o
 *(.bss*)
 *(COMMON)
                0x2000001c                . = ALIGN (0x4)
                0x2000001c                _ebss = .
                0x2000001c                __bss_end__ = _ebss

._user_heap_stack
                0x2000001c      0x100 load address 0x080002ac
                0x2000001c                . = ALIGN (0x4)
                [!provide]                PROVIDE (end, .)
                [!provide]                PROVIDE (_end, .)
                0x2000001c                . = (. + _Min_Heap_Size)
                0x2000011c                . = (. + _Min_Stack_Size)
 *fill*         0x2000001c      0x100 
                0x2000011c                . = ALIGN (0x4)

.memory_b1_text
 *(.mb1text)
 *(.mb1text*)
 *(.mb1rodata)
 *(.mb1rodata*)

/DISCARD/
 libc.a(*)
 libm.a(*)
 libgcc.a(*)

.ARM.attributes
                0x00000000       0x29
 *(.ARM.attributes)
 .ARM.attributes
                0x00000000       0x1d d:/programs/atollic_studio/truestudio for stm32 9.3.0/armtools/bin/../lib/gcc/arm-atollic-eabi/6.3.1/armv7-m/crti.o
 .ARM.attributes
                0x0000001d       0x2d d:/programs/atollic_studio/truestudio for stm32 9.3.0/armtools/bin/../lib/gcc/arm-atollic-eabi/6.3.1/armv7-m/crtbegin.o
 .ARM.attributes
                0x0000004a       0x33 src\main.o
 .ARM.attributes
                0x0000007d       0x21 src\startup_stm32l152xc.o
 .ARM.attributes
                0x0000009e       0x33 src\system_stm32l1xx.o
 .ARM.attributes
                0x000000d1       0x2d d:/programs/atollic_studio/truestudio for stm32 9.3.0/armtools/bin/../lib/gcc/arm-atollic-eabi/6.3.1/../../../../arm-atollic-eabi/lib/armv7-m\libc_nano.a(lib_a-init.o)
 .ARM.attributes
                0x000000fe       0x1d d:/programs/atollic_studio/truestudio for stm32 9.3.0/armtools/bin/../lib/gcc/arm-atollic-eabi/6.3.1/armv7-m/crtn.o
OUTPUT(STM32L152_Project.elf elf32-littlearm)

.debug_info     0x00000000      0x62d
 .debug_info    0x00000000      0x15f src\main.o
 .debug_info    0x0000015f       0x83 src\startup_stm32l152xc.o
 .debug_info    0x000001e2      0x44b src\system_stm32l1xx.o

.debug_abbrev   0x00000000      0x1c2
 .debug_abbrev  0x00000000       0xa2 src\main.o
 .debug_abbrev  0x000000a2       0x12 src\startup_stm32l152xc.o
 .debug_abbrev  0x000000b4      0x10e src\system_stm32l1xx.o

.debug_aranges  0x00000000       0x70
 .debug_aranges
                0x00000000       0x20 src\main.o
 .debug_aranges
                0x00000020       0x28 src\startup_stm32l152xc.o
 .debug_aranges
                0x00000048       0x28 src\system_stm32l1xx.o

.debug_ranges   0x00000000       0x48
 .debug_ranges  0x00000000       0x10 src\main.o
 .debug_ranges  0x00000010       0x20 src\startup_stm32l152xc.o
 .debug_ranges  0x00000030       0x18 src\system_stm32l1xx.o

.debug_line     0x00000000      0x3dc
 .debug_line    0x00000000      0x18c src\main.o
 .debug_line    0x0000018c       0x79 src\startup_stm32l152xc.o
 .debug_line    0x00000205      0x1d7 src\system_stm32l1xx.o

.debug_str      0x00000000      0x2e1
 .debug_str     0x00000000      0x1c2 src\main.o
                                0x20f (size before relaxing)
 .debug_str     0x000001c2      0x11f src\system_stm32l1xx.o
                                0x30f (size before relaxing)

.comment        0x00000000       0x7c
 .comment       0x00000000       0x7c src\main.o
                                 0x7d (size before relaxing)
 .comment       0x0000007c       0x7d src\system_stm32l1xx.o

.debug_frame    0x00000000       0xb0
 .debug_frame   0x00000000       0x2c src\main.o
 .debug_frame   0x0000002c       0x58 src\system_stm32l1xx.o
 .debug_frame   0x00000084       0x2c d:/programs/atollic_studio/truestudio for stm32 9.3.0/armtools/bin/../lib/gcc/arm-atollic-eabi/6.3.1/../../../../arm-atollic-eabi/lib/armv7-m\libc_nano.a(lib_a-init.o)

Cross Reference Table

Symbol                                            File
ADC1_IRQHandler                                   src\startup_stm32l152xc.o
AHBPrescTable                                     src\system_stm32l1xx.o
APBPrescTable                                     src\system_stm32l1xx.o
BusFault_Handler                                  src\startup_stm32l152xc.o
COMP_ACQ_IRQHandler                               src\startup_stm32l152xc.o
COMP_IRQHandler                                   src\startup_stm32l152xc.o
DAC_IRQHandler                                    src\startup_stm32l152xc.o
DMA1_Channel1_IRQHandler                          src\startup_stm32l152xc.o
DMA1_Channel2_IRQHandler                          src\startup_stm32l152xc.o
DMA1_Channel3_IRQHandler                          src\startup_stm32l152xc.o
DMA1_Channel4_IRQHandler                          src\startup_stm32l152xc.o
DMA1_Channel5_IRQHandler                          src\startup_stm32l152xc.o
DMA1_Channel6_IRQHandler                          src\startup_stm32l152xc.o
DMA1_Channel7_IRQHandler                          src\startup_stm32l152xc.o
DMA2_Channel1_IRQHandler                          src\startup_stm32l152xc.o
DMA2_Channel2_IRQHandler                          src\startup_stm32l152xc.o
DMA2_Channel3_IRQHandler                          src\startup_stm32l152xc.o
DMA2_Channel4_IRQHandler                          src\startup_stm32l152xc.o
DMA2_Channel5_IRQHandler                          src\startup_stm32l152xc.o
DebugMon_Handler                                  src\startup_stm32l152xc.o
Default_Handler                                   src\startup_stm32l152xc.o
EXTI0_IRQHandler                                  src\startup_stm32l152xc.o
EXTI15_10_IRQHandler                              src\startup_stm32l152xc.o
EXTI1_IRQHandler                                  src\startup_stm32l152xc.o
EXTI2_IRQHandler                                  src\startup_stm32l152xc.o
EXTI3_IRQHandler                                  src\startup_stm32l152xc.o
EXTI4_IRQHandler                                  src\startup_stm32l152xc.o
EXTI9_5_IRQHandler                                src\startup_stm32l152xc.o
FLASH_IRQHandler                                  src\startup_stm32l152xc.o
HardFault_Handler                                 src\startup_stm32l152xc.o
I2C1_ER_IRQHandler                                src\startup_stm32l152xc.o
I2C1_EV_IRQHandler                                src\startup_stm32l152xc.o
I2C2_ER_IRQHandler                                src\startup_stm32l152xc.o
I2C2_EV_IRQHandler                                src\startup_stm32l152xc.o
LCD_IRQHandler                                    src\startup_stm32l152xc.o
MemManage_Handler                                 src\startup_stm32l152xc.o
NMI_Handler                                       src\startup_stm32l152xc.o
PLLMulTable                                       src\system_stm32l1xx.o
PVD_IRQHandler                                    src\startup_stm32l152xc.o
PendSV_Handler                                    src\startup_stm32l152xc.o
RCC_IRQHandler                                    src\startup_stm32l152xc.o
RTC_Alarm_IRQHandler                              src\startup_stm32l152xc.o
RTC_WKUP_IRQHandler                               src\startup_stm32l152xc.o
Reset_Handler                                     src\startup_stm32l152xc.o
SPI1_IRQHandler                                   src\startup_stm32l152xc.o
SPI2_IRQHandler                                   src\startup_stm32l152xc.o
SPI3_IRQHandler                                   src\startup_stm32l152xc.o
SVC_Handler                                       src\startup_stm32l152xc.o
SysTick_Handler                                   src\startup_stm32l152xc.o
SystemCoreClock                                   src\system_stm32l1xx.o
SystemCoreClockUpdate                             src\system_stm32l1xx.o
SystemInit                                        src\system_stm32l1xx.o
                                                  src\startup_stm32l152xc.o
TAMPER_STAMP_IRQHandler                           src\startup_stm32l152xc.o
TIM10_IRQHandler                                  src\startup_stm32l152xc.o
TIM11_IRQHandler                                  src\startup_stm32l152xc.o
TIM2_IRQHandler                                   src\startup_stm32l152xc.o
TIM3_IRQHandler                                   src\startup_stm32l152xc.o
TIM4_IRQHandler                                   src\startup_stm32l152xc.o
TIM5_IRQHandler                                   src\startup_stm32l152xc.o
TIM6_IRQHandler                                   src\startup_stm32l152xc.o
TIM7_IRQHandler                                   src\startup_stm32l152xc.o
TIM9_IRQHandler                                   src\startup_stm32l152xc.o
USART1_IRQHandler                                 src\startup_stm32l152xc.o
USART2_IRQHandler                                 src\startup_stm32l152xc.o
USART3_IRQHandler                                 src\startup_stm32l152xc.o
USB_FS_WKUP_IRQHandler                            src\startup_stm32l152xc.o
USB_HP_IRQHandler                                 src\startup_stm32l152xc.o
USB_LP_IRQHandler                                 src\startup_stm32l152xc.o
UsageFault_Handler                                src\startup_stm32l152xc.o
WWDG_IRQHandler                                   src\startup_stm32l152xc.o
__deregister_frame_info                           d:/programs/atollic_studio/truestudio for stm32 9.3.0/armtools/bin/../lib/gcc/arm-atollic-eabi/6.3.1/armv7-m/crtbegin.o
__dso_handle                                      d:/programs/atollic_studio/truestudio for stm32 9.3.0/armtools/bin/../lib/gcc/arm-atollic-eabi/6.3.1/armv7-m/crtbegin.o
__init_array_end                                  d:/programs/atollic_studio/truestudio for stm32 9.3.0/armtools/bin/../lib/gcc/arm-atollic-eabi/6.3.1/../../../../arm-atollic-eabi/lib/armv7-m\libc_nano.a(lib_a-init.o)
__init_array_start                                d:/programs/atollic_studio/truestudio for stm32 9.3.0/armtools/bin/../lib/gcc/arm-atollic-eabi/6.3.1/../../../../arm-atollic-eabi/lib/armv7-m\libc_nano.a(lib_a-init.o)
__libc_init_array                                 d:/programs/atollic_studio/truestudio for stm32 9.3.0/armtools/bin/../lib/gcc/arm-atollic-eabi/6.3.1/../../../../arm-atollic-eabi/lib/armv7-m\libc_nano.a(lib_a-init.o)
                                                  src\startup_stm32l152xc.o
__preinit_array_end                               d:/programs/atollic_studio/truestudio for stm32 9.3.0/armtools/bin/../lib/gcc/arm-atollic-eabi/6.3.1/../../../../arm-atollic-eabi/lib/armv7-m\libc_nano.a(lib_a-init.o)
__preinit_array_start                             d:/programs/atollic_studio/truestudio for stm32 9.3.0/armtools/bin/../lib/gcc/arm-atollic-eabi/6.3.1/../../../../arm-atollic-eabi/lib/armv7-m\libc_nano.a(lib_a-init.o)
__register_frame_info                             d:/programs/atollic_studio/truestudio for stm32 9.3.0/armtools/bin/../lib/gcc/arm-atollic-eabi/6.3.1/armv7-m/crtbegin.o
_ebss                                             src\startup_stm32l152xc.o
_edata                                            src\startup_stm32l152xc.o
_estack                                           src\startup_stm32l152xc.o
_fini                                             d:/programs/atollic_studio/truestudio for stm32 9.3.0/armtools/bin/../lib/gcc/arm-atollic-eabi/6.3.1/armv7-m/crti.o
_init                                             d:/programs/atollic_studio/truestudio for stm32 9.3.0/armtools/bin/../lib/gcc/arm-atollic-eabi/6.3.1/armv7-m/crti.o
                                                  d:/programs/atollic_studio/truestudio for stm32 9.3.0/armtools/bin/../lib/gcc/arm-atollic-eabi/6.3.1/../../../../arm-atollic-eabi/lib/armv7-m\libc_nano.a(lib_a-init.o)
_sbss                                             src\startup_stm32l152xc.o
_sdata                                            src\startup_stm32l152xc.o
_sidata                                           src\startup_stm32l152xc.o
g_pfnVectors                                      src\startup_stm32l152xc.o
main                                              src\main.o
                                                  src\startup_stm32l152xc.o
